<?xml version="1.0" encoding="UTF-8"?>
<testsuites name="jest tests" tests="3" failures="0" time="2.41">
  <testsuite name="ScopedPermission" errors="0" failures="0" skipped="0" timestamp="2019-02-22T13:28:35" time="0.497" tests="2">
    <testcase classname="ScopedPermission deve riconoscere uno `scope` non valido" name="ScopedPermission deve riconoscere uno `scope` non valido" time="0.006">
    </testcase>
    <testcase classname="ScopedPermission deve riconoscere uno `scope` valido" name="ScopedPermission deve riconoscere uno `scope` valido" time="0.001">
    </testcase>
  </testsuite>
  <testsuite name="Component" errors="0" failures="0" skipped="0" timestamp="2019-02-22T13:28:36" time="0.256" tests="1">
    <testcase classname="Component il componente deve esistere" name="Component il componente deve esistere" time="0.001">
    </testcase>
  </testsuite>
</testsuites>